[dotenv@17.3.1] injecting env (4) from .env -- tip: ΓÜí∩╕Å secrets for agents: https://dotenvx.com/as2
node : ERROR: [GoogleGenerativeAI Error]: Error fetching from https://generativela
nguage.googleapis.com/v1beta/models/gemini-1.5-flash-latest:generateContent: [404 
Not Found] models/gemini-1.5-flash-latest is not found for API version v1beta, or 
is not supported for generateContent. Call ListModels to see the list of 
available models and their supported methods.
At line:1 char:1
+ node test.js > test_output.txt 2>&1
+ ~~~~~~~~~~~~~~~~~~~~~~~~~~~~~~~~~~~
    + CategoryInfo          : NotSpecified: (ERROR: [GoogleG...ported methods.:St 
   ring) [], RemoteException
    + FullyQualifiedErrorId : NativeCommandError
 
